RAM Allocation [bytes]
Variable                                                                          Address   Size
------------------------------------------------------------------------------------------------
number                                                                            0x0266      40
opert                                                                             0x028E      40
result_char                                                                       0x02B6      20
j                                                                                 0x02CA       2
error                                                                             0x02CC       2
_base_y                                                                           0x02CE       4
_lcd_x                                                                            0x02D2       1
_lcd_y                                                                            0x02D3       1
_lcd_maxx                                                                         0x02D4       1
_seed                                                                             0x02D5       4

EEPROM Allocation [bytes]
Variable                                                                          Address   Size
------------------------------------------------------------------------------------------------

Register Allocation
Variable                                                                          Register  Size
------------------------------------------------------------------------------------------------
counter                                                                           R4,R5        2
index                                                                             R6,R7        2
last_op                                                                           R8,R9        2
result                                                                            R10,R11      2
i                                                                                 R12,R13      2

FLASH Allocation [words]
Function                                                                          Address   Size
------------------------------------------------------------------------------------------------
main                                                                              0x0007D    181
calculate                                                                         0x00132    257
keypad_scan                                                                       0x00233     85
_lcd_write_nibble_G100                                                            0x00288     20
_lcd_write_data                                                                   0x0029C     12
lcd_gotoxy                                                                        0x002A8     17
lcd_clear                                                                         0x002B9     14
lcd_putchar                                                                       0x002C7     32
lcd_puts                                                                          0x002E7     17
lcd_init                                                                          0x002F8     47
put_buff_G103                                                                     0x00327     63
_print_G103                                                                       0x00366    308
sprintf                                                                           0x0049A     52
memset                                                                            0x004CE     16
strlen                                                                            0x004DE     12
strlenf                                                                           0x004EA     13
